// Jest Snapshot v1, https://goo.gl/fbAQLP

exports[`<Button /> Snapshot Comprobar interfaz <Button /> 1`] = `
<button
  className="btn"
/>
`;
